weight [kg]: height [m]: m=40.00kg h=1.60m -> BMI=15.62 (Severely underweight)
