weight [kg]: height [m]: m=50.00kg h=1.60m -> BMI=19.53 (Normal)
