weight [kg]: height [m]: m=50.00kg h=1.75m -> BMI=16.33 (Underweight)
