weight [kg]: height [m]: m=90.00kg h=1.80m -> BMI=27.78 (Overweight)
