enter ISBN: valid pattern: true
valid checkDigit: false
