enter date (yyyymmdd)
01.02.1980 was/is or will be a Friday