enter date (yyyymmdd)
31.12.2100 was/is or will be a Friday