enter date (yyyymmdd)
29.02.2000 was/is or will be a Tuesday