enter date (yyyymmdd)
16.10.1582 was/is or will be a Saturday