weight [kg]: height [m]: m=115.50kg h=1.65m -> BMI=42.42 (Very severely obese)
