weight [kg]: height [m]: m=95.00kg h=1.70m -> BMI=32.87 (Moderately obese)
