weight [kg]: height [m]: m=40.00kg h=1.70m -> BMI=13.84 (Very severely underweight)
