weight [kg]: height [m]: m=50.00kg h=1.70m -> BMI=17.30 (Underweight)
