enter studentID (wi**b***): ID valid: true
graduation in: 2003
