enter date (yyyymmdd)
15.11.2004 was/is or will be a Monday