enter date (yyyymmdd)
03.03.1919 was/is or will be a Monday