enter date (yyyymmdd)
25.10.1929 was/is or will be a Friday