enter date (yyyymmdd)
16.02.2096 was/is or will be a Thursday