enter date (yyyymmdd)
01.01.2101 was/is or will be a Saturday