weight [kg]: height [m]: m=70.00kg h=0.00m -> BMI=-1.00 (invalid)
