weight [kg]: height [m]: m=50.00kg h=1.80m -> BMI=15.43 (Severely underweight)
