enter date (yyyymmdd)
28.02.2003 was/is or will be a Friday