enter date (yyyymmdd)
08.03.1988 was/is or will be a Tuesday