Input
: : : : : : : : : : : : re-enter 0 to store as value.
any other value ends input: Input finished.
total mean: 90909.91
----------
          count: 1
index positions: [ 10]
            sum: 999999
           mean: 999999.00
            min: 999999 [ 10]
