Input
: re-enter 0 to store as value.
any other value ends input: no values entered.
