Input
: : : : : : : : : : re-enter 0 to store as value.
any other value ends input: value 0 stored.
: : : : : : : : : : re-enter 0 to store as value.
any other value ends input: value 0 stored.
: : : : : : : : : : re-enter 0 to store as value.
any other value ends input: value 0 stored.
: : : : : : : : : : re-enter 0 to store as value.
any other value ends input: value 0 stored.
: : : : : : : : : : re-enter 0 to store as value.
any other value ends input: value 0 stored.
: : : : : : : : : : re-enter 0 to store as value.
any other value ends input: value 0 stored.
: : : : : : : : : : re-enter 0 to store as value.
any other value ends input: value 0 stored.
: : : : : : : : : : re-enter 0 to store as value.
any other value ends input: value 0 stored.
: : : : : : : : : : re-enter 0 to store as value.
any other value ends input: value 0 stored.
: : : : : : : : : : re-enter 0 to store as value.
any other value ends input: value 0 stored.
: : : : : : : : : : re-enter 0 to store as value.
any other value ends input: value 0 stored.
: : : : : : : : : : re-enter 0 to store as value.
any other value ends input: value 0 stored.
: : : : : : : : : : re-enter 0 to store as value.
any other value ends input: value 0 stored.
: : : : : : : : : : re-enter 0 to store as value.
any other value ends input: value 0 stored.
: : : : : : : : : : re-enter 0 to store as value.
any other value ends input: value 0 stored.
: : : : : : : : : : re-enter 0 to store as value.
any other value ends input: value 0 stored.
: : : : : : : : : : re-enter 0 to store as value.
any other value ends input: value 0 stored.
: : : : : : : : : : re-enter 0 to store as value.
any other value ends input: value 0 stored.
: : : : : : : : : : re-enter 0 to store as value.
any other value ends input: value 0 stored.
: : : : : : : : : : re-enter 0 to store as value.
any other value ends input: value 0 stored.
: : : : : : : : : : re-enter 0 to store as value.
any other value ends input: value 0 stored.
: : : : : : : : : : re-enter 0 to store as value.
any other value ends input: value 0 stored.
: : : : : : : : : : re-enter 0 to store as value.
any other value ends input: value 0 stored.
: : : : : : : : : : re-enter 0 to store as value.
any other value ends input: value 0 stored.
: : : : : : : : : : re-enter 0 to store as value.
any other value ends input: value 0 stored.
: : : : : : : : : : re-enter 0 to store as value.
any other value ends input: value 0 stored.
: : : : : : : : : : re-enter 0 to store as value.
any other value ends input: value 0 stored.
: : : : : : : : : : re-enter 0 to store as value.
any other value ends input: value 0 stored.
: : : : : : : : : : re-enter 0 to store as value.
any other value ends input: value 0 stored.
: : : : : : : : : : re-enter 0 to store as value.
any other value ends input: value 0 stored.
: : : : : : : : : : re-enter 0 to store as value.
any other value ends input: value 0 stored.
: : : : : : : : : : re-enter 0 to store as value.
any other value ends input: value 0 stored.
: : : : : : : : : : re-enter 0 to store as value.
any other value ends input: value 0 stored.
: : : : : : : : : : re-enter 0 to store as value.
any other value ends input: value 0 stored.
: : : : : : : : : : re-enter 0 to store as value.
any other value ends input: value 0 stored.
: : : : : : : : : : re-enter 0 to store as value.
any other value ends input: value 0 stored.
: : : : : : : : : : re-enter 0 to store as value.
any other value ends input: value 0 stored.
: : : : : : : : : : re-enter 0 to store as value.
any other value ends input: value 0 stored.
: : : : : : : : : : re-enter 0 to store as value.
any other value ends input: value 0 stored.
: : : : : : : : : : re-enter 0 to store as value.
any other value ends input: value 0 stored.
: : : : : : : : : : re-enter 0 to store as value.
any other value ends input: value 0 stored.
: : : : : : : : : : re-enter 0 to store as value.
any other value ends input: value 0 stored.
: : : : : : : : : : re-enter 0 to store as value.
any other value ends input: value 0 stored.
: : : : : : : : : : re-enter 0 to store as value.
any other value ends input: value 0 stored.
: : : : : : : : : : re-enter 0 to store as value.
any other value ends input: value 0 stored.
: : : : : : : : : : re-enter 0 to store as value.
any other value ends input: value 0 stored.
: : : : : : : : : : re-enter 0 to store as value.
any other value ends input: value 0 stored.
: : : : : : : : : : re-enter 0 to store as value.
any other value ends input: value 0 stored.
: : : : : : : : : : re-enter 0 to store as value.
any other value ends input: value 0 stored.
: : : : : : : : : : re-enter 0 to store as value.
any other value ends input: value 0 stored.
: : : : : : : : : : re-enter 0 to store as value.
any other value ends input: value 0 stored.
: : : : : : : : : : re-enter 0 to store as value.
any other value ends input: value 0 stored.
: : : : : : : : : : re-enter 0 to store as value.
any other value ends input: value 0 stored.
: : : : : : : : : : re-enter 0 to store as value.
any other value ends input: value 0 stored.
: : : : : : : : : : re-enter 0 to store as value.
any other value ends input: value 0 stored.
: : : : : : : : : : re-enter 0 to store as value.
any other value ends input: value 0 stored.
: : : : : : : : : : re-enter 0 to store as value.
any other value ends input: value 0 stored.
: : : : : : : : : : re-enter 0 to store as value.
any other value ends input: value 0 stored.
: : : : : : : : : : re-enter 0 to store as value.
any other value ends input: value 0 stored.
: : : : : : : : : : re-enter 0 to store as value.
any other value ends input: value 0 stored.
: : : : : : : : : : re-enter 0 to store as value.
any other value ends input: value 0 stored.
: : : : : : : : : : re-enter 0 to store as value.
any other value ends input: value 0 stored.
: : : : : : : : : : re-enter 0 to store as value.
any other value ends input: value 0 stored.
: : : : : : : : : : re-enter 0 to store as value.
any other value ends input: value 0 stored.
: : : : : : : : : : re-enter 0 to store as value.
any other value ends input: value 0 stored.
: : : : : : : : : : re-enter 0 to store as value.
any other value ends input: value 0 stored.
: : : : : : : : : : re-enter 0 to store as value.
any other value ends input: value 0 stored.
: : : : : : : : : : re-enter 0 to store as value.
any other value ends input: value 0 stored.
: : : : : : : : : : re-enter 0 to store as value.
any other value ends input: value 0 stored.
: : : : : : : : : : re-enter 0 to store as value.
any other value ends input: value 0 stored.
: : : : : : : : : : re-enter 0 to store as value.
any other value ends input: value 0 stored.
: : : : : : : : : : re-enter 0 to store as value.
any other value ends input: value 0 stored.
: : : : : : : : : : re-enter 0 to store as value.
any other value ends input: value 0 stored.
: : : : : : : : : : re-enter 0 to store as value.
any other value ends input: value 0 stored.
: : : : : : : : : : re-enter 0 to store as value.
any other value ends input: value 0 stored.
: : : : : : : : : : re-enter 0 to store as value.
any other value ends input: value 0 stored.
: : : : : : : : : : re-enter 0 to store as value.
any other value ends input: value 0 stored.
: : : : : : : : : : re-enter 0 to store as value.
any other value ends input: value 0 stored.
: : : : : : : : : : re-enter 0 to store as value.
any other value ends input: value 0 stored.
: : : : : : : : : : re-enter 0 to store as value.
any other value ends input: value 0 stored.
: : : : : : : : : : re-enter 0 to store as value.
any other value ends input: value 0 stored.
: : : : : : : : : : re-enter 0 to store as value.
any other value ends input: value 0 stored.
: : : : : : : : : : re-enter 0 to store as value.
any other value ends input: value 0 stored.
: : : : : : : : : : re-enter 0 to store as value.
any other value ends input: value 0 stored.
: : : : : : : : : : re-enter 0 to store as value.
any other value ends input: value 0 stored.
: : : : : : : : : : re-enter 0 to store as value.
any other value ends input: value 0 stored.
: : : : : : : : : : re-enter 0 to store as value.
any other value ends input: value 0 stored.
: : : : : : : : : : re-enter 0 to store as value.
any other value ends input: value 0 stored.
: : : : : : : : : : re-enter 0 to store as value.
any other value ends input: value 0 stored.
: : : : : : : : : : re-enter 0 to store as value.
any other value ends input: value 0 stored.
: : : : : : : : : : re-enter 0 to store as value.
any other value ends input: value 0 stored.
: : : : : : : : : : re-enter 0 to store as value.
any other value ends input: value 0 stored.
: : : : : : : : : : re-enter 0 to store as value.
any other value ends input: value 0 stored.
: : : : : : : : : : re-enter 0 to store as value.
any other value ends input: value 0 stored.
: : : : : : : : : : re-enter 0 to store as value.
any other value ends input: value 0 stored.
: : : : : : : : : : re-enter 0 to store as value.
any other value ends input: value 0 stored.
: : : : : : : : : : re-enter 0 to store as value.
any other value ends input: value 0 stored.
: : : : : : : : : : re-enter 0 to store as value.
any other value ends input: value 0 stored.
: : : : : : : : : : re-enter 0 to store as value.
any other value ends input: value 0 stored.
: : : : : : : : : : re-enter 0 to store as value.
any other value ends input: value 0 stored.
: : : : : : : : : : re-enter 0 to store as value.
any other value ends input: value 0 stored.
: : : : : : : : : : re-enter 0 to store as value.
any other value ends input: value 0 stored.
: : : : Input finished.
total mean: -4.49
----------
          count: 514
index positions: [ 0 1 2 3 9 10 11 12 13 19 20 21 22 23 29 30 31 32 33 39 40 41 42 43 49 50 51 52 53 59 60 61 62 63 69 70 71 72 73 79 80 81 82 83 89 90 91 92 93 99 100 101 102 103 109 110 111 112 113 119 120 121 122 123 129 130 131 132 133 139 140 141 142 143 149 150 151 152 153 159 160 161 162 163 169 170 171 172 173 179 180 181 182 183 189 190 191 192 193 199 200 201 202 203 209 210 211 212 213 219 220 221 222 223 229 230 231 232 233 239 240 241 242 243 249 250 251 252 253 259 260 261 262 263 269 270 271 272 273 279 280 281 282 283 289 290 291 292 293 299 300 301 302 303 309 310 311 312 313 319 320 321 322 323 329 330 331 332 333 339 340 341 342 343 349 350 351 352 353 359 360 361 362 363 369 370 371 372 373 379 380 381 382 383 389 390 391 392 393 399 400 401 402 403 409 410 411 412 413 419 420 421 422 423 429 430 431 432 433 439 440 441 442 443 449 450 451 452 453 459 460 461 462 463 469 470 471 472 473 479 480 481 482 483 489 490 491 492 493 499 500 501 502 503 509 510 511 512 513 519 520 521 522 523 529 530 531 532 533 539 540 541 542 543 549 550 551 552 553 559 560 561 562 563 569 570 571 572 573 579 580 581 582 583 589 590 591 592 593 599 600 601 602 603 609 610 611 612 613 619 620 621 622 623 629 630 631 632 633 639 640 641 642 643 649 650 651 652 653 659 660 661 662 663 669 670 671 672 673 679 680 681 682 683 689 690 691 692 693 699 700 701 702 703 709 710 711 712 713 719 720 721 722 723 729 730 731 732 733 739 740 741 742 743 749 750 751 752 753 759 760 761 762 763 769 770 771 772 773 779 780 781 782 783 789 790 791 792 793 799 800 801 802 803 809 810 811 812 813 819 820 821 822 823 829 830 831 832 833 839 840 841 842 843 849 850 851 852 853 859 860 861 862 863 869 870 871 872 873 879 880 881 882 883 889 890 891 892 893 899 900 901 902 903 909 910 911 912 913 919 920 921 922 923 929 930 931 932 933 939 940 941 942 943 949 950 951 952 953 959 960 961 962 963 969 970 971 972 973 979 980 981 982 983 989 990 991 992 993 999 1000 1001 1002 1003 1009 1010 1011 1012 1013 1019 1020 1021 1022 1023]
            sum: -1030
           mean: -2.00
            min: -4 [ 3 13 23 33 43 53 63 73 83 93 103 113 123 133 143 153 163 173 183 193 203 213 223 233 243 253 263 273 283 293 303 313 323 333 343 353 363 373 383 393 403 413 423 433 443 453 463 473 483 493 503 513 523 533 543 553 563 573 583 593 603 613 623 633 643 653 663 673 683 693 703 713 723 733 743 753 763 773 783 793 803 813 823 833 843 853 863 873 883 893 903 913 923 933 943 953 963 973 983 993 1003 1013 1023]
