Input
: : : : : : : : re-enter 0 to store as value.
any other value ends input: Input finished.
total mean: 1.00
----------
          count: 0
