Input
: : : : : : : : : : : : re-enter 0 to store as value.
any other value ends input: Input finished.
          count: 5
index positions: [ 1 3 5 7 9]
            sum: 18
           mean: 3.60
            max: 4 [ 3 5 7 9]
