Input
: re-enter 0 to store as value.
any other value ends input: value 0 stored.
: re-enter 0 to store as value.
any other value ends input: value 0 stored.
: re-enter 0 to store as value.
any other value ends input: value 0 stored.
: re-enter 0 to store as value.
any other value ends input: value 0 stored.
: re-enter 0 to store as value.
any other value ends input: value 0 stored.
: re-enter 0 to store as value.
any other value ends input: value 0 stored.
: re-enter 0 to store as value.
any other value ends input: Input finished.
total mean: 0.00
----------
          count: 0
