Input
: : : : : : : : : : re-enter 0 to store as value.
any other value ends input: Input finished.
          count: 0
