1. number: 2. number: 3. number: 4. number: 5. number: 6. number: 7. number: 8. number: 9. number: 10. number: 10 number(s) entered.
[0]: 2
[1]: 5
[2]: 6
[3]: 7
[4]: 3
[5]: 4
[6]: 2
[7]: 3
[8]: 4
[9]: 5
Output finished.