1. number: 2. number: 3. number: 4. number: 5. number: 6. number: 7. number: 8. number: 9. number: 10. number: 10 number(s) entered.
[0]: 11
[1]: 22
[2]: 33
[3]: 44
[4]: 55
[5]: 66
[6]: 77
[7]: 88
[8]: 99
[9]: 1010
Output finished.