1. number: 2. number: 3. number: 4. number: 5. number: 6. number: 7. number: 8. number: 9. number: 10. number: Input finished.
[9]: 42
[8]: 66
[7]: 99
[6]: -5
[5]: -4
[4]: -3
[3]: -2
[2]: -1
[1]: 0
[0]: 1
Output finished.