weight [kg]: height [m]: m=110.00kg h=1.70m -> BMI=38.06 (Severely obese)
