weight [kg]: height [m]: m=0.00kg h=1.75m -> BMI=-1.00 (invalid)
