enter ISBN: valid pattern: false
valid checkDigit: false
