enter date (yyyymmdd)
29.02.2004 was/is or will be a Sunday