choose method to test 
(LINEAR_FILL = 1, CONTAINS = 2, 	COUNT_BELOW = 3, FIND_1 = 4, FIND_2 = 5, FILTER = 6)
enter value to find and starting index:
find 2: 0 (5)
choose method to test 
(LINEAR_FILL = 1, CONTAINS = 2, 	COUNT_BELOW = 3, FIND_1 = 4, FIND_2 = 5, FILTER = 6)
enter value to find and starting index:
find 2: 4 (5)
choose method to test 
(LINEAR_FILL = 1, CONTAINS = 2, 	COUNT_BELOW = 3, FIND_1 = 4, FIND_2 = 5, FILTER = 6)
enter value to find and starting index:
find 2: 4 (5)
choose method to test 
(LINEAR_FILL = 1, CONTAINS = 2, 	COUNT_BELOW = 3, FIND_1 = 4, FIND_2 = 5, FILTER = 6)
enter value to find and starting index:
find 2: 4 (5)
choose method to test 
(LINEAR_FILL = 1, CONTAINS = 2, 	COUNT_BELOW = 3, FIND_1 = 4, FIND_2 = 5, FILTER = 6)
enter value to find and starting index:
find 2: 4 (5)
choose method to test 
(LINEAR_FILL = 1, CONTAINS = 2, 	COUNT_BELOW = 3, FIND_1 = 4, FIND_2 = 5, FILTER = 6)
enter value to find and starting index:
find 2: 7 (5)
choose method to test 
(LINEAR_FILL = 1, CONTAINS = 2, 	COUNT_BELOW = 3, FIND_1 = 4, FIND_2 = 5, FILTER = 6)
enter value to find and starting index:
find 2: 7 (5)
choose method to test 
(LINEAR_FILL = 1, CONTAINS = 2, 	COUNT_BELOW = 3, FIND_1 = 4, FIND_2 = 5, FILTER = 6)
enter value to find and starting index:
find 2: 7 (5)
choose method to test 
(LINEAR_FILL = 1, CONTAINS = 2, 	COUNT_BELOW = 3, FIND_1 = 4, FIND_2 = 5, FILTER = 6)
enter value to find and starting index:
find 2: 9 (5)
choose method to test 
(LINEAR_FILL = 1, CONTAINS = 2, 	COUNT_BELOW = 3, FIND_1 = 4, FIND_2 = 5, FILTER = 6)
enter value to find and starting index:
find 2: 9 (5)
choose method to test 
(LINEAR_FILL = 1, CONTAINS = 2, 	COUNT_BELOW = 3, FIND_1 = 4, FIND_2 = 5, FILTER = 6)
enter value to find and starting index:
find 2: -1 (5)
choose method to test 
(LINEAR_FILL = 1, CONTAINS = 2, 	COUNT_BELOW = 3, FIND_1 = 4, FIND_2 = 5, FILTER = 6)
enter value to find and starting index:
find 2: 0 (5)
choose method to test 
(LINEAR_FILL = 1, CONTAINS = 2, 	COUNT_BELOW = 3, FIND_1 = 4, FIND_2 = 5, FILTER = 6)
