Input
: : : : : : re-enter 0 to store as value.
any other value ends input: value 0 stored.
: re-enter 0 to store as value.
any other value ends input: Input finished.
          count: 3
index positions: [ 1 3 5]
            sum: 6
           mean: 2.00
            max: 4 [ 1]
