1. number: 2. number: 3. number: 4. number: 5. number: 6. number: 7. number: 8. number: 9. number: 10. number: 10 number(s) entered.
[0]: 33
[1]: 44
[2]: 33
[3]: 55
[4]: 6
[5]: 8
[6]: 6
[7]: 2
[8]: 3
[9]: 2
Output finished.