1. number: invalid input!
1. number: invalid input!
1. number: 2. number: 3. number: 2 number(s) entered.
[0]: 1
[1]: 2
Output finished.