1. number: 2. number: 3. number: 4. number: 5. number: 6. number: 7. number: 8. number: 9. number: 10. number: Input finished.
[9]: 1
[8]: 1
[7]: 1
[6]: 1
[5]: 1
[4]: 1
[3]: 1
[2]: 1
[1]: 1
[0]: 1
Output finished.